// Vitest Snapshot v1, https://vitest.dev/guide/snapshot.html

exports[`Tags > should render correctly when the URL builder function is passed in 1`] = `
<DocumentFragment>
  <div
    class="container"
  >
    <button
      class="tagContainer"
      data-testid="tag-0"
      id="tag-0"
      style="height: 40px;"
    >
      <span
        class="tag"
        data-testid="tag-label-0"
        id="tag-label-0"
        style="color: rgb(0, 0, 0); border: 2px solid rgb(0, 255, 128); background: rgb(179, 255, 217);"
      >
        <a
          class="link branchName"
          href="https://github.com/TomPlum/tree/refs/remotes/origin/renovate/all-minor-patch"
          rel="noopener noreferrer"
          style="color: rgb(0, 0, 0);"
          target="_blank"
        >
          renovate/all-minor-patch
        </a>
        <svg
          class="icon icon"
          data-testid="branch-icon"
          fill="currentColor"
          id="branch-icon"
          style="fill: rgb(0, 0, 0);"
          viewBox="0 0 512 512"
          xmlns="http://www.w3.org/2000/svg"
        >
          <title>
            ionicons-v5-d
          </title>
          <path
            d="M416,160a64,64,0,1,0-96.27,55.24c-2.29,29.08-20.08,37-75,48.42-17.76,3.68-35.93,7.45-52.71,13.93V151.39a64,64,0,1,0-64,0V360.61a64,64,0,1,0,64.42.24c2.39-18,16-24.33,65.26-34.52,27.43-5.67,55.78-11.54,79.78-26.95,29-18.58,44.53-46.78,46.36-83.89A64,64,0,0,0,416,160ZM160,64a32,32,0,1,1-32,32A32,32,0,0,1,160,64Zm0,384a32,32,0,1,1,32-32A32,32,0,0,1,160,448ZM352,192a32,32,0,1,1,32-32A32,32,0,0,1,352,192Z"
          />
        </svg>
      </span>
      <span
        class="tagLine"
        data-testid="tag-line-0"
        id="tag-line-0"
        style="opacity: 0.4; right: 0px; width: 0px; border-top: 2px dotted rgb(0, 255, 128); animation-duration: 0.3s;"
      />
    </button>
    <button
      class="tagContainer"
      data-testid="tag-1"
      id="tag-1"
      style="height: 40px;"
    >
      <span
        class="tag"
        data-testid="tag-label-1"
        id="tag-label-1"
        style="color: rgb(0, 0, 0); border: 2px solid rgb(0, 255, 128); background: rgb(179, 255, 217);"
      >
        <a
          class="link branchName"
          href="https://github.com/TomPlum/tree/refs/remotes/origin/renovate/ant-design-icons-6.x"
          rel="noopener noreferrer"
          style="color: rgb(0, 0, 0);"
          target="_blank"
        >
          renovate/ant-design-icons-6.x
        </a>
        <svg
          class="icon icon"
          data-testid="branch-icon"
          fill="currentColor"
          id="branch-icon"
          style="fill: rgb(0, 0, 0);"
          viewBox="0 0 512 512"
          xmlns="http://www.w3.org/2000/svg"
        >
          <title>
            ionicons-v5-d
          </title>
          <path
            d="M416,160a64,64,0,1,0-96.27,55.24c-2.29,29.08-20.08,37-75,48.42-17.76,3.68-35.93,7.45-52.71,13.93V151.39a64,64,0,1,0-64,0V360.61a64,64,0,1,0,64.42.24c2.39-18,16-24.33,65.26-34.52,27.43-5.67,55.78-11.54,79.78-26.95,29-18.58,44.53-46.78,46.36-83.89A64,64,0,0,0,416,160ZM160,64a32,32,0,1,1-32,32A32,32,0,0,1,160,64Zm0,384a32,32,0,1,1,32-32A32,32,0,0,1,160,448ZM352,192a32,32,0,1,1,32-32A32,32,0,0,1,352,192Z"
          />
        </svg>
      </span>
      <span
        class="tagLine"
        data-testid="tag-line-1"
        id="tag-line-1"
        style="opacity: 0.4; right: 0px; width: 0px; border-top: 2px dotted rgb(0, 255, 128); animation-duration: 0.3s;"
      />
    </button>
    <button
      class="tagContainer"
      data-testid="tag-2"
      id="tag-2"
      style="height: 40px;"
    >
      <span
        class="tag"
        data-testid="tag-label-2"
        id="tag-label-2"
        style="color: rgb(0, 0, 0); border: 2px solid rgb(0, 255, 128); background: rgb(179, 255, 217);"
      >
        <a
          class="link branchName"
          href="https://github.com/TomPlum/tree/refs/heads/develop"
          rel="noopener noreferrer"
          style="color: rgb(0, 0, 0);"
          target="_blank"
        >
          develop
        </a>
        <svg
          class="icon icon"
          data-testid="branch-icon"
          fill="currentColor"
          id="branch-icon"
          style="fill: rgb(0, 0, 0);"
          viewBox="0 0 512 512"
          xmlns="http://www.w3.org/2000/svg"
        >
          <title>
            ionicons-v5-d
          </title>
          <path
            d="M416,160a64,64,0,1,0-96.27,55.24c-2.29,29.08-20.08,37-75,48.42-17.76,3.68-35.93,7.45-52.71,13.93V151.39a64,64,0,1,0-64,0V360.61a64,64,0,1,0,64.42.24c2.39-18,16-24.33,65.26-34.52,27.43-5.67,55.78-11.54,79.78-26.95,29-18.58,44.53-46.78,46.36-83.89A64,64,0,0,0,416,160ZM160,64a32,32,0,1,1-32,32A32,32,0,0,1,160,64Zm0,384a32,32,0,1,1,32-32A32,32,0,0,1,160,448ZM352,192a32,32,0,1,1,32-32A32,32,0,0,1,352,192Z"
          />
        </svg>
      </span>
      <span
        class="tagLine"
        data-testid="tag-line-2"
        id="tag-line-2"
        style="opacity: 0.4; right: 0px; width: 0px; border-top: 2px dotted rgb(0, 255, 128); animation-duration: 0.3s;"
      />
    </button>
    <button
      class="tagContainer"
      data-testid="tag-3"
      id="tag-3"
      style="height: 40px;"
    >
      <span
        class="tag"
        data-testid="tag-label-3"
        id="tag-label-3"
        style="color: rgb(0, 0, 0); border: 2px solid rgb(0, 255, 128); background: rgb(179, 255, 217);"
      >
        <a
          class="link branchName"
          href="https://github.com/TomPlum/tree/refs/remotes/origin/gh-pages"
          rel="noopener noreferrer"
          style="color: rgb(0, 0, 0);"
          target="_blank"
        >
          gh-pages
        </a>
        <svg
          class="icon icon"
          data-testid="branch-icon"
          fill="currentColor"
          id="branch-icon"
          style="fill: rgb(0, 0, 0);"
          viewBox="0 0 512 512"
          xmlns="http://www.w3.org/2000/svg"
        >
          <title>
            ionicons-v5-d
          </title>
          <path
            d="M416,160a64,64,0,1,0-96.27,55.24c-2.29,29.08-20.08,37-75,48.42-17.76,3.68-35.93,7.45-52.71,13.93V151.39a64,64,0,1,0-64,0V360.61a64,64,0,1,0,64.42.24c2.39-18,16-24.33,65.26-34.52,27.43-5.67,55.78-11.54,79.78-26.95,29-18.58,44.53-46.78,46.36-83.89A64,64,0,0,0,416,160ZM160,64a32,32,0,1,1-32,32A32,32,0,0,1,160,64Zm0,384a32,32,0,1,1,32-32A32,32,0,0,1,160,448ZM352,192a32,32,0,1,1,32-32A32,32,0,0,1,352,192Z"
          />
        </svg>
      </span>
      <span
        class="tagLine"
        data-testid="tag-line-3"
        id="tag-line-3"
        style="opacity: 0.4; right: 0px; width: 0px; border-top: 2px dotted rgb(0, 255, 128); animation-duration: 0.3s;"
      />
    </button>
    <button
      class="tagContainer"
      data-testid="tag-4"
      id="tag-4"
      style="height: 40px;"
    >
      <span
        class="tag"
        data-testid="tag-label-4"
        id="tag-label-4"
        style="color: rgb(0, 0, 0); border: 2px solid rgb(0, 255, 128); background: rgb(179, 255, 217);"
      >
        <a
          class="link branchName"
          href="https://github.com/TomPlum/tree/refs/remotes/origin/renovate/major-react-monorepo"
          rel="noopener noreferrer"
          style="color: rgb(0, 0, 0);"
          target="_blank"
        >
          renovate/major-react-monorepo
        </a>
        <svg
          class="icon icon"
          data-testid="branch-icon"
          fill="currentColor"
          id="branch-icon"
          style="fill: rgb(0, 0, 0);"
          viewBox="0 0 512 512"
          xmlns="http://www.w3.org/2000/svg"
        >
          <title>
            ionicons-v5-d
          </title>
          <path
            d="M416,160a64,64,0,1,0-96.27,55.24c-2.29,29.08-20.08,37-75,48.42-17.76,3.68-35.93,7.45-52.71,13.93V151.39a64,64,0,1,0-64,0V360.61a64,64,0,1,0,64.42.24c2.39-18,16-24.33,65.26-34.52,27.43-5.67,55.78-11.54,79.78-26.95,29-18.58,44.53-46.78,46.36-83.89A64,64,0,0,0,416,160ZM160,64a32,32,0,1,1-32,32A32,32,0,0,1,160,64Zm0,384a32,32,0,1,1,32-32A32,32,0,0,1,160,448ZM352,192a32,32,0,1,1,32-32A32,32,0,0,1,352,192Z"
          />
        </svg>
      </span>
      <span
        class="tagLine"
        data-testid="tag-line-4"
        id="tag-line-4"
        style="opacity: 0.4; right: 0px; width: 0px; border-top: 2px dotted rgb(0, 255, 128); animation-duration: 0.3s;"
      />
    </button>
    <button
      class="tagContainer"
      data-testid="tag-5"
      id="tag-5"
      style="height: 40px;"
    >
      <span
        class="tag"
        data-testid="tag-label-5"
        id="tag-label-5"
        style="color: rgb(0, 0, 0); border: 2px solid rgb(0, 255, 128); background: rgb(179, 255, 217);"
      >
        <a
          class="link branchName"
          href="https://github.com/TomPlum/tree/refs/remotes/origin/renovate/major-react-router-monorepo"
          rel="noopener noreferrer"
          style="color: rgb(0, 0, 0);"
          target="_blank"
        >
          renovate/major-react-router-monorepo
        </a>
        <svg
          class="icon icon"
          data-testid="branch-icon"
          fill="currentColor"
          id="branch-icon"
          style="fill: rgb(0, 0, 0);"
          viewBox="0 0 512 512"
          xmlns="http://www.w3.org/2000/svg"
        >
          <title>
            ionicons-v5-d
          </title>
          <path
            d="M416,160a64,64,0,1,0-96.27,55.24c-2.29,29.08-20.08,37-75,48.42-17.76,3.68-35.93,7.45-52.71,13.93V151.39a64,64,0,1,0-64,0V360.61a64,64,0,1,0,64.42.24c2.39-18,16-24.33,65.26-34.52,27.43-5.67,55.78-11.54,79.78-26.95,29-18.58,44.53-46.78,46.36-83.89A64,64,0,0,0,416,160ZM160,64a32,32,0,1,1-32,32A32,32,0,0,1,160,64Zm0,384a32,32,0,1,1,32-32A32,32,0,0,1,160,448ZM352,192a32,32,0,1,1,32-32A32,32,0,0,1,352,192Z"
          />
        </svg>
      </span>
      <span
        class="tagLine"
        data-testid="tag-line-5"
        id="tag-line-5"
        style="opacity: 0.4; right: 0px; width: 0px; border-top: 2px dotted rgb(0, 255, 128); animation-duration: 0.3s;"
      />
    </button>
    <div
      class="tag"
      data-testid="empty-tag-6"
      id="empty-tag-1352f4c"
      style="height: 40px;"
    />
    <div
      class="tag"
      data-testid="empty-tag-7"
      id="empty-tag-1d594ea"
      style="height: 40px;"
    />
    <div
      class="tag"
      data-testid="empty-tag-8"
      id="empty-tag-786b044"
      style="height: 40px;"
    />
    <div
      class="tag"
      data-testid="empty-tag-9"
      id="empty-tag-0776115"
      style="height: 40px;"
    />
    <div
      class="tag"
      data-testid="empty-tag-10"
      id="empty-tag-0a0a44d"
      style="height: 40px;"
    />
    <div
      class="tag"
      data-testid="empty-tag-11"
      id="empty-tag-769e569"
      style="height: 40px;"
    />
    <div
      class="tag"
      data-testid="empty-tag-12"
      id="empty-tag-02af2b4"
      style="height: 40px;"
    />
    <div
      class="tag"
      data-testid="empty-tag-13"
      id="empty-tag-de2ac76"
      style="height: 40px;"
    />
    <div
      class="tag"
      data-testid="empty-tag-14"
      id="empty-tag-d81f45e"
      style="height: 40px;"
    />
    <div
      class="tag"
      data-testid="empty-tag-15"
      id="empty-tag-4a5f077"
      style="height: 40px;"
    />
    <div
      class="tag"
      data-testid="empty-tag-16"
      id="empty-tag-33d2930"
      style="height: 40px;"
    />
    <div
      class="tag"
      data-testid="empty-tag-17"
      id="empty-tag-6671923"
      style="height: 40px;"
    />
    <div
      class="tag"
      data-testid="empty-tag-18"
      id="empty-tag-a8bfc71"
      style="height: 40px;"
    />
    <div
      class="tag"
      data-testid="empty-tag-19"
      id="empty-tag-69e20aa"
      style="height: 40px;"
    />
    <div
      class="tag"
      data-testid="empty-tag-20"
      id="empty-tag-ec397ea"
      style="height: 40px;"
    />
    <div
      class="tag"
      data-testid="empty-tag-21"
      id="empty-tag-2c26dfb"
      style="height: 40px;"
    />
    <div
      class="tag"
      data-testid="empty-tag-22"
      id="empty-tag-3dc9b40"
      style="height: 40px;"
    />
    <div
      class="tag"
      data-testid="empty-tag-23"
      id="empty-tag-8c8952a"
      style="height: 40px;"
    />
    <div
      class="tag"
      data-testid="empty-tag-24"
      id="empty-tag-a267aea"
      style="height: 40px;"
    />
    <div
      class="tag"
      data-testid="empty-tag-25"
      id="empty-tag-9994eec"
      style="height: 40px;"
    />
    <div
      class="tag"
      data-testid="empty-tag-26"
      id="empty-tag-52aa9dd"
      style="height: 40px;"
    />
    <div
      class="tag"
      data-testid="empty-tag-27"
      id="empty-tag-18088d2"
      style="height: 40px;"
    />
    <div
      class="tag"
      data-testid="empty-tag-28"
      id="empty-tag-0c202af"
      style="height: 40px;"
    />
    <div
      class="tag"
      data-testid="empty-tag-29"
      id="empty-tag-cf56b70"
      style="height: 40px;"
    />
    <button
      class="tagContainer"
      data-testid="tag-30"
      id="tag-30"
      style="height: 40px;"
    >
      <span
        class="tag"
        data-testid="tag-label-30"
        id="tag-label-30"
        style="color: rgb(0, 0, 0); border: 2px solid rgb(0, 255, 128); background: rgb(179, 255, 217);"
      >
        <a
          class="link branchName"
          href="https://github.com/TomPlum/tree/refs/heads/renovate/major-react-monorepo"
          rel="noopener noreferrer"
          style="color: rgb(0, 0, 0);"
          target="_blank"
        >
          renovate/major-react-monorepo
        </a>
        <svg
          class="icon icon"
          data-testid="branch-icon"
          fill="currentColor"
          id="branch-icon"
          style="fill: rgb(0, 0, 0);"
          viewBox="0 0 512 512"
          xmlns="http://www.w3.org/2000/svg"
        >
          <title>
            ionicons-v5-d
          </title>
          <path
            d="M416,160a64,64,0,1,0-96.27,55.24c-2.29,29.08-20.08,37-75,48.42-17.76,3.68-35.93,7.45-52.71,13.93V151.39a64,64,0,1,0-64,0V360.61a64,64,0,1,0,64.42.24c2.39-18,16-24.33,65.26-34.52,27.43-5.67,55.78-11.54,79.78-26.95,29-18.58,44.53-46.78,46.36-83.89A64,64,0,0,0,416,160ZM160,64a32,32,0,1,1-32,32A32,32,0,0,1,160,64Zm0,384a32,32,0,1,1,32-32A32,32,0,0,1,160,448ZM352,192a32,32,0,1,1,32-32A32,32,0,0,1,352,192Z"
          />
        </svg>
      </span>
      <span
        class="tagLine"
        data-testid="tag-line-30"
        id="tag-line-30"
        style="opacity: 0.4; right: 0px; width: 0px; border-top: 2px dotted rgb(0, 255, 128); animation-duration: 0.3s;"
      />
    </button>
    <div
      class="tag"
      data-testid="empty-tag-31"
      id="empty-tag-b61aeed"
      style="height: 40px;"
    />
    <div
      class="tag"
      data-testid="empty-tag-32"
      id="empty-tag-81ce807"
      style="height: 40px;"
    />
    <div
      class="tag"
      data-testid="empty-tag-33"
      id="empty-tag-2d173ca"
      style="height: 40px;"
    />
    <div
      class="tag"
      data-testid="empty-tag-34"
      id="empty-tag-e059c28"
      style="height: 40px;"
    />
    <div
      class="tag"
      data-testid="empty-tag-35"
      id="empty-tag-51ba1e7"
      style="height: 40px;"
    />
    <div
      class="tag"
      data-testid="empty-tag-36"
      id="empty-tag-675127e"
      style="height: 40px;"
    />
    <div
      class="tag"
      data-testid="empty-tag-37"
      id="empty-tag-017e506"
      style="height: 40px;"
    />
    <div
      class="tag"
      data-testid="empty-tag-38"
      id="empty-tag-ff018dd"
      style="height: 40px;"
    />
    <div
      class="tag"
      data-testid="empty-tag-39"
      id="empty-tag-f28088d"
      style="height: 40px;"
    />
    <div
      class="tag"
      data-testid="empty-tag-40"
      id="empty-tag-f7cd757"
      style="height: 40px;"
    />
    <div
      class="tag"
      data-testid="empty-tag-41"
      id="empty-tag-ea5a998"
      style="height: 40px;"
    />
    <div
      class="tag"
      data-testid="empty-tag-42"
      id="empty-tag-f2d49cf"
      style="height: 40px;"
    />
    <button
      class="tagContainer"
      data-testid="tag-43"
      id="tag-43"
      style="height: 40px;"
    >
      <span
        class="tag"
        data-testid="tag-label-43"
        id="tag-label-43"
        style="color: rgb(0, 0, 0); border: 2px solid rgb(0, 255, 128); background: rgb(179, 255, 217);"
      >
        <a
          class="link tagName"
          href="https://github.com/TomPlum/tree/refs/tags/v2.4.0"
          rel="noopener noreferrer"
          style="color: rgb(0, 0, 0);"
          target="_blank"
        >
          v2.4.0
        </a>
        <svg
          class="icon"
          data-testid="tag-icon"
          fill="none"
          id="tag-icon"
          stroke="currentColor"
          stroke-linecap="round"
          stroke-linejoin="round"
          stroke-width="2"
          style="stroke: rgb(0, 0, 0);"
          viewBox="0 0 24 24"
          xmlns="http://www.w3.org/2000/svg"
        >
          <path
            d="M20.59 13.41l-7.17 7.17a2 2 0 0 1-2.83 0L2 12V2h10l8.59 8.59a2 2 0 0 1 0 2.82z"
          />
          <line
            x1="7"
            x2="7.01"
            y1="7"
            y2="7"
          />
        </svg>
      </span>
      <span
        class="tagLine"
        data-testid="tag-line-43"
        id="tag-line-43"
        style="opacity: 0.4; right: 0px; width: 0px; border-top: 2px dotted rgb(0, 255, 128); animation-duration: 0.3s;"
      />
    </button>
    <div
      class="tag"
      data-testid="empty-tag-44"
      id="empty-tag-efe3dd6"
      style="height: 40px;"
    />
    <div
      class="tag"
      data-testid="empty-tag-45"
      id="empty-tag-d524100"
      style="height: 40px;"
    />
    <div
      class="tag"
      data-testid="empty-tag-46"
      id="empty-tag-50250a9"
      style="height: 40px;"
    />
    <div
      class="tag"
      data-testid="empty-tag-47"
      id="empty-tag-bb950c2"
      style="height: 40px;"
    />
    <div
      class="tag"
      data-testid="empty-tag-48"
      id="empty-tag-432fd9c"
      style="height: 40px;"
    />
    <div
      class="tag"
      data-testid="empty-tag-49"
      id="empty-tag-6115d5f"
      style="height: 40px;"
    />
    <div
      class="tag"
      data-testid="empty-tag-50"
      id="empty-tag-b45bf05"
      style="height: 40px;"
    />
    <div
      class="tag"
      data-testid="empty-tag-51"
      id="empty-tag-6beb2d1"
      style="height: 40px;"
    />
    <div
      class="tag"
      data-testid="empty-tag-52"
      id="empty-tag-2bc6652"
      style="height: 40px;"
    />
    <div
      class="tag"
      data-testid="empty-tag-53"
      id="empty-tag-ab51db5"
      style="height: 40px;"
    />
    <div
      class="tag"
      data-testid="empty-tag-54"
      id="empty-tag-165b754"
      style="height: 40px;"
    />
    <div
      class="tag"
      data-testid="empty-tag-55"
      id="empty-tag-30ee0ba"
      style="height: 40px;"
    />
    <button
      class="tagContainer"
      data-testid="tag-56"
      id="tag-56"
      style="height: 40px;"
    >
      <span
        class="tag"
        data-testid="tag-label-56"
        id="tag-label-56"
        style="color: rgb(0, 0, 0); border: 2px solid rgb(0, 255, 128); background: rgb(179, 255, 217);"
      >
        <a
          class="link tagName"
          href="https://github.com/TomPlum/tree/refs/tags/v2.3.1"
          rel="noopener noreferrer"
          style="color: rgb(0, 0, 0);"
          target="_blank"
        >
          v2.3.1
        </a>
        <svg
          class="icon"
          data-testid="tag-icon"
          fill="none"
          id="tag-icon"
          stroke="currentColor"
          stroke-linecap="round"
          stroke-linejoin="round"
          stroke-width="2"
          style="stroke: rgb(0, 0, 0);"
          viewBox="0 0 24 24"
          xmlns="http://www.w3.org/2000/svg"
        >
          <path
            d="M20.59 13.41l-7.17 7.17a2 2 0 0 1-2.83 0L2 12V2h10l8.59 8.59a2 2 0 0 1 0 2.82z"
          />
          <line
            x1="7"
            x2="7.01"
            y1="7"
            y2="7"
          />
        </svg>
      </span>
      <span
        class="tagLine"
        data-testid="tag-line-56"
        id="tag-line-56"
        style="opacity: 0.4; right: 0px; width: 0px; border-top: 2px dotted rgb(0, 255, 128); animation-duration: 0.3s;"
      />
    </button>
    <div
      class="tag"
      data-testid="empty-tag-57"
      id="empty-tag-eff7491"
      style="height: 40px;"
    />
    <div
      class="tag"
      data-testid="empty-tag-58"
      id="empty-tag-127dd9c"
      style="height: 40px;"
    />
    <div
      class="tag"
      data-testid="empty-tag-59"
      id="empty-tag-0964b7d"
      style="height: 40px;"
    />
    <div
      class="tag"
      data-testid="empty-tag-60"
      id="empty-tag-f4ef8e9"
      style="height: 40px;"
    />
    <div
      class="tag"
      data-testid="empty-tag-61"
      id="empty-tag-aa2c148"
      style="height: 40px;"
    />
    <div
      class="tag"
      data-testid="empty-tag-62"
      id="empty-tag-515eaa9"
      style="height: 40px;"
    />
    <div
      class="tag"
      data-testid="empty-tag-63"
      id="empty-tag-88a3ca2"
      style="height: 40px;"
    />
    <div
      class="tag"
      data-testid="empty-tag-64"
      id="empty-tag-fd93615"
      style="height: 40px;"
    />
    <div
      class="tag"
      data-testid="empty-tag-65"
      id="empty-tag-5510915"
      style="height: 40px;"
    />
    <div
      class="tag"
      data-testid="empty-tag-66"
      id="empty-tag-202237c"
      style="height: 40px;"
    />
    <div
      class="tag"
      data-testid="empty-tag-67"
      id="empty-tag-f687c53"
      style="height: 40px;"
    />
    <div
      class="tag"
      data-testid="empty-tag-68"
      id="empty-tag-575887a"
      style="height: 40px;"
    />
    <div
      class="tag"
      data-testid="empty-tag-69"
      id="empty-tag-932be3a"
      style="height: 40px;"
    />
    <div
      class="tag"
      data-testid="empty-tag-70"
      id="empty-tag-4be118d"
      style="height: 40px;"
    />
    <div
      class="tag"
      data-testid="empty-tag-71"
      id="empty-tag-a338942"
      style="height: 40px;"
    />
    <div
      class="tag"
      data-testid="empty-tag-72"
      id="empty-tag-f17afd7"
      style="height: 40px;"
    />
    <div
      class="tag"
      data-testid="empty-tag-73"
      id="empty-tag-afdb263"
      style="height: 40px;"
    />
    <button
      class="tagContainer"
      data-testid="tag-74"
      id="tag-74"
      style="height: 40px;"
    >
      <span
        class="tag"
        data-testid="tag-label-74"
        id="tag-label-74"
        style="color: rgb(0, 0, 0); border: 2px solid rgb(0, 255, 128); background: rgb(179, 255, 217);"
      >
        <a
          class="link tagName"
          href="https://github.com/TomPlum/tree/refs/tags/v2.3.0"
          rel="noopener noreferrer"
          style="color: rgb(0, 0, 0);"
          target="_blank"
        >
          v2.3.0
        </a>
        <svg
          class="icon"
          data-testid="tag-icon"
          fill="none"
          id="tag-icon"
          stroke="currentColor"
          stroke-linecap="round"
          stroke-linejoin="round"
          stroke-width="2"
          style="stroke: rgb(0, 0, 0);"
          viewBox="0 0 24 24"
          xmlns="http://www.w3.org/2000/svg"
        >
          <path
            d="M20.59 13.41l-7.17 7.17a2 2 0 0 1-2.83 0L2 12V2h10l8.59 8.59a2 2 0 0 1 0 2.82z"
          />
          <line
            x1="7"
            x2="7.01"
            y1="7"
            y2="7"
          />
        </svg>
      </span>
      <span
        class="tagLine"
        data-testid="tag-line-74"
        id="tag-line-74"
        style="opacity: 0.4; right: 0px; width: 0px; border-top: 2px dotted rgb(0, 255, 128); animation-duration: 0.3s;"
      />
    </button>
    <div
      class="tag"
      data-testid="empty-tag-75"
      id="empty-tag-867c511"
      style="height: 40px;"
    />
    <div
      class="tag"
      data-testid="empty-tag-76"
      id="empty-tag-a829a48"
      style="height: 40px;"
    />
    <div
      class="tag"
      data-testid="empty-tag-77"
      id="empty-tag-f157195"
      style="height: 40px;"
    />
    <div
      class="tag"
      data-testid="empty-tag-78"
      id="empty-tag-5525ed5"
      style="height: 40px;"
    />
    <div
      class="tag"
      data-testid="empty-tag-79"
      id="empty-tag-081b2d3"
      style="height: 40px;"
    />
    <div
      class="tag"
      data-testid="empty-tag-80"
      id="empty-tag-a10ab03"
      style="height: 40px;"
    />
    <div
      class="tag"
      data-testid="empty-tag-81"
      id="empty-tag-8ddccd2"
      style="height: 40px;"
    />
    <div
      class="tag"
      data-testid="empty-tag-82"
      id="empty-tag-5862498"
      style="height: 40px;"
    />
    <div
      class="tag"
      data-testid="empty-tag-83"
      id="empty-tag-eeeb1f2"
      style="height: 40px;"
    />
    <div
      class="tag"
      data-testid="empty-tag-84"
      id="empty-tag-55ec23e"
      style="height: 40px;"
    />
    <div
      class="tag"
      data-testid="empty-tag-85"
      id="empty-tag-75fea53"
      style="height: 40px;"
    />
    <div
      class="tag"
      data-testid="empty-tag-86"
      id="empty-tag-27d7e9e"
      style="height: 40px;"
    />
    <div
      class="tag"
      data-testid="empty-tag-87"
      id="empty-tag-338b505"
      style="height: 40px;"
    />
    <div
      class="tag"
      data-testid="empty-tag-88"
      id="empty-tag-988bf8d"
      style="height: 40px;"
    />
    <div
      class="tag"
      data-testid="empty-tag-89"
      id="empty-tag-e11674d"
      style="height: 40px;"
    />
    <div
      class="tag"
      data-testid="empty-tag-90"
      id="empty-tag-5db47c6"
      style="height: 40px;"
    />
    <div
      class="tag"
      data-testid="empty-tag-91"
      id="empty-tag-0577e9d"
      style="height: 40px;"
    />
    <div
      class="tag"
      data-testid="empty-tag-92"
      id="empty-tag-b35728b"
      style="height: 40px;"
    />
    <div
      class="tag"
      data-testid="empty-tag-93"
      id="empty-tag-0f5ae74"
      style="height: 40px;"
    />
    <div
      class="tag"
      data-testid="empty-tag-94"
      id="empty-tag-648f6e9"
      style="height: 40px;"
    />
    <div
      class="tag"
      data-testid="empty-tag-95"
      id="empty-tag-ca136bf"
      style="height: 40px;"
    />
    <div
      class="tag"
      data-testid="empty-tag-96"
      id="empty-tag-09e615d"
      style="height: 40px;"
    />
    <div
      class="tag"
      data-testid="empty-tag-97"
      id="empty-tag-72a5dbb"
      style="height: 40px;"
    />
    <div
      class="tag"
      data-testid="empty-tag-98"
      id="empty-tag-5281010"
      style="height: 40px;"
    />
    <div
      class="tag"
      data-testid="empty-tag-99"
      id="empty-tag-d26bcc7"
      style="height: 40px;"
    />
    <div
      class="tag"
      data-testid="empty-tag-100"
      id="empty-tag-b7ec825"
      style="height: 40px;"
    />
    <div
      class="tag"
      data-testid="empty-tag-101"
      id="empty-tag-3d680fd"
      style="height: 40px;"
    />
    <div
      class="tag"
      data-testid="empty-tag-102"
      id="empty-tag-2b85a9e"
      style="height: 40px;"
    />
    <div
      class="tag"
      data-testid="empty-tag-103"
      id="empty-tag-000b3aa"
      style="height: 40px;"
    />
    <div
      class="tag"
      data-testid="empty-tag-104"
      id="empty-tag-45dbbde"
      style="height: 40px;"
    />
    <div
      class="tag"
      data-testid="empty-tag-105"
      id="empty-tag-2c60633"
      style="height: 40px;"
    />
    <div
      class="tag"
      data-testid="empty-tag-106"
      id="empty-tag-7f60983"
      style="height: 40px;"
    />
    <div
      class="tag"
      data-testid="empty-tag-107"
      id="empty-tag-cebb57d"
      style="height: 40px;"
    />
    <div
      class="tag"
      data-testid="empty-tag-108"
      id="empty-tag-33c38c5"
      style="height: 40px;"
    />
    <div
      class="tag"
      data-testid="empty-tag-109"
      id="empty-tag-f19e207"
      style="height: 40px;"
    />
    <div
      class="tag"
      data-testid="empty-tag-110"
      id="empty-tag-b9bc1dc"
      style="height: 40px;"
    />
    <div
      class="tag"
      data-testid="empty-tag-111"
      id="empty-tag-9c65959"
      style="height: 40px;"
    />
    <div
      class="tag"
      data-testid="empty-tag-112"
      id="empty-tag-a172219"
      style="height: 40px;"
    />
    <div
      class="tag"
      data-testid="empty-tag-113"
      id="empty-tag-a3af060"
      style="height: 40px;"
    />
    <div
      class="tag"
      data-testid="empty-tag-114"
      id="empty-tag-363c60d"
      style="height: 40px;"
    />
    <div
      class="tag"
      data-testid="empty-tag-115"
      id="empty-tag-cc0598b"
      style="height: 40px;"
    />
    <div
      class="tag"
      data-testid="empty-tag-116"
      id="empty-tag-6e89c11"
      style="height: 40px;"
    />
    <div
      class="tag"
      data-testid="empty-tag-117"
      id="empty-tag-6904884"
      style="height: 40px;"
    />
    <div
      class="tag"
      data-testid="empty-tag-118"
      id="empty-tag-94b945f"
      style="height: 40px;"
    />
    <div
      class="tag"
      data-testid="empty-tag-119"
      id="empty-tag-115846d"
      style="height: 40px;"
    />
    <div
      class="tag"
      data-testid="empty-tag-120"
      id="empty-tag-71869c4"
      style="height: 40px;"
    />
    <div
      class="tag"
      data-testid="empty-tag-121"
      id="empty-tag-a3476a8"
      style="height: 40px;"
    />
    <div
      class="tag"
      data-testid="empty-tag-122"
      id="empty-tag-deba6b5"
      style="height: 40px;"
    />
    <div
      class="tag"
      data-testid="empty-tag-123"
      id="empty-tag-74885fc"
      style="height: 40px;"
    />
    <button
      class="tagContainer"
      data-testid="tag-124"
      id="tag-124"
      style="height: 40px;"
    >
      <span
        class="tag"
        data-testid="tag-label-124"
        id="tag-label-124"
        style="color: rgb(0, 0, 0); border: 2px solid rgb(0, 255, 128); background: rgb(179, 255, 217);"
      >
        <a
          class="link tagName"
          href="https://github.com/TomPlum/tree/refs/tags/v2.2.0"
          rel="noopener noreferrer"
          style="color: rgb(0, 0, 0);"
          target="_blank"
        >
          v2.2.0
        </a>
        <svg
          class="icon"
          data-testid="tag-icon"
          fill="none"
          id="tag-icon"
          stroke="currentColor"
          stroke-linecap="round"
          stroke-linejoin="round"
          stroke-width="2"
          style="stroke: rgb(0, 0, 0);"
          viewBox="0 0 24 24"
          xmlns="http://www.w3.org/2000/svg"
        >
          <path
            d="M20.59 13.41l-7.17 7.17a2 2 0 0 1-2.83 0L2 12V2h10l8.59 8.59a2 2 0 0 1 0 2.82z"
          />
          <line
            x1="7"
            x2="7.01"
            y1="7"
            y2="7"
          />
        </svg>
      </span>
      <span
        class="tagLine"
        data-testid="tag-line-124"
        id="tag-line-124"
        style="opacity: 0.4; right: 0px; width: 0px; border-top: 2px dotted rgb(0, 255, 128); animation-duration: 0.3s;"
      />
    </button>
    <div
      class="tag"
      data-testid="empty-tag-125"
      id="empty-tag-d8e279c"
      style="height: 40px;"
    />
    <div
      class="tag"
      data-testid="empty-tag-126"
      id="empty-tag-3a78717"
      style="height: 40px;"
    />
    <div
      class="tag"
      data-testid="empty-tag-127"
      id="empty-tag-d89f085"
      style="height: 40px;"
    />
    <div
      class="tag"
      data-testid="empty-tag-128"
      id="empty-tag-5f7da3f"
      style="height: 40px;"
    />
    <div
      class="tag"
      data-testid="empty-tag-129"
      id="empty-tag-7ca3b25"
      style="height: 40px;"
    />
    <div
      class="tag"
      data-testid="empty-tag-130"
      id="empty-tag-fc6a3e8"
      style="height: 40px;"
    />
    <div
      class="tag"
      data-testid="empty-tag-131"
      id="empty-tag-c1b3995"
      style="height: 40px;"
    />
    <div
      class="tag"
      data-testid="empty-tag-132"
      id="empty-tag-f61711f"
      style="height: 40px;"
    />
    <div
      class="tag"
      data-testid="empty-tag-133"
      id="empty-tag-62e3f80"
      style="height: 40px;"
    />
    <div
      class="tag"
      data-testid="empty-tag-134"
      id="empty-tag-17d9d64"
      style="height: 40px;"
    />
    <div
      class="tag"
      data-testid="empty-tag-135"
      id="empty-tag-b516162"
      style="height: 40px;"
    />
    <div
      class="tag"
      data-testid="empty-tag-136"
      id="empty-tag-33b5d79"
      style="height: 40px;"
    />
    <div
      class="tag"
      data-testid="empty-tag-137"
      id="empty-tag-97b060f"
      style="height: 40px;"
    />
    <div
      class="tag"
      data-testid="empty-tag-138"
      id="empty-tag-ecb5b57"
      style="height: 40px;"
    />
    <button
      class="tagContainer"
      data-testid="tag-139"
      id="tag-139"
      style="height: 40px;"
    >
      <span
        class="tag"
        data-testid="tag-label-139"
        id="tag-label-139"
        style="color: rgb(0, 0, 0); border: 2px solid rgb(0, 255, 128); background: rgb(179, 255, 217);"
      >
        <a
          class="link tagName"
          href="https://github.com/TomPlum/tree/refs/tags/v2.1.1"
          rel="noopener noreferrer"
          style="color: rgb(0, 0, 0);"
          target="_blank"
        >
          v2.1.1
        </a>
        <svg
          class="icon"
          data-testid="tag-icon"
          fill="none"
          id="tag-icon"
          stroke="currentColor"
          stroke-linecap="round"
          stroke-linejoin="round"
          stroke-width="2"
          style="stroke: rgb(0, 0, 0);"
          viewBox="0 0 24 24"
          xmlns="http://www.w3.org/2000/svg"
        >
          <path
            d="M20.59 13.41l-7.17 7.17a2 2 0 0 1-2.83 0L2 12V2h10l8.59 8.59a2 2 0 0 1 0 2.82z"
          />
          <line
            x1="7"
            x2="7.01"
            y1="7"
            y2="7"
          />
        </svg>
      </span>
      <span
        class="tagLine"
        data-testid="tag-line-139"
        id="tag-line-139"
        style="opacity: 0.4; right: 0px; width: 0px; border-top: 2px dotted rgb(0, 255, 128); animation-duration: 0.3s;"
      />
    </button>
    <div
      class="tag"
      data-testid="empty-tag-140"
      id="empty-tag-e6318eb"
      style="height: 40px;"
    />
    <div
      class="tag"
      data-testid="empty-tag-141"
      id="empty-tag-2d1025f"
      style="height: 40px;"
    />
    <div
      class="tag"
      data-testid="empty-tag-142"
      id="empty-tag-1321e4d"
      style="height: 40px;"
    />
    <div
      class="tag"
      data-testid="empty-tag-143"
      id="empty-tag-71a1a7e"
      style="height: 40px;"
    />
    <div
      class="tag"
      data-testid="empty-tag-144"
      id="empty-tag-97a941a"
      style="height: 40px;"
    />
    <div
      class="tag"
      data-testid="empty-tag-145"
      id="empty-tag-0d85838"
      style="height: 40px;"
    />
    <div
      class="tag"
      data-testid="empty-tag-146"
      id="empty-tag-cf8e018"
      style="height: 40px;"
    />
    <div
      class="tag"
      data-testid="empty-tag-147"
      id="empty-tag-5e7f6f8"
      style="height: 40px;"
    />
    <div
      class="tag"
      data-testid="empty-tag-148"
      id="empty-tag-5a0d8f6"
      style="height: 40px;"
    />
    <div
      class="tag"
      data-testid="empty-tag-149"
      id="empty-tag-e42905d"
      style="height: 40px;"
    />
    <div
      class="tag"
      data-testid="empty-tag-150"
      id="empty-tag-66a83c0"
      style="height: 40px;"
    />
    <div
      class="tag"
      data-testid="empty-tag-151"
      id="empty-tag-9e9389e"
      style="height: 40px;"
    />
    <div
      class="tag"
      data-testid="empty-tag-152"
      id="empty-tag-8e241d2"
      style="height: 40px;"
    />
    <div
      class="tag"
      data-testid="empty-tag-153"
      id="empty-tag-b7a1cc8"
      style="height: 40px;"
    />
    <div
      class="tag"
      data-testid="empty-tag-154"
      id="empty-tag-0143d04"
      style="height: 40px;"
    />
    <div
      class="tag"
      data-testid="empty-tag-155"
      id="empty-tag-25f597f"
      style="height: 40px;"
    />
    <div
      class="tag"
      data-testid="empty-tag-156"
      id="empty-tag-8e4f92b"
      style="height: 40px;"
    />
    <div
      class="tag"
      data-testid="empty-tag-157"
      id="empty-tag-47d542c"
      style="height: 40px;"
    />
    <div
      class="tag"
      data-testid="empty-tag-158"
      id="empty-tag-9248e1f"
      style="height: 40px;"
    />
    <div
      class="tag"
      data-testid="empty-tag-159"
      id="empty-tag-38190b2"
      style="height: 40px;"
    />
    <div
      class="tag"
      data-testid="empty-tag-160"
      id="empty-tag-60698cc"
      style="height: 40px;"
    />
    <div
      class="tag"
      data-testid="empty-tag-161"
      id="empty-tag-f8ddbd4"
      style="height: 40px;"
    />
    <div
      class="tag"
      data-testid="empty-tag-162"
      id="empty-tag-0b903cc"
      style="height: 40px;"
    />
    <div
      class="tag"
      data-testid="empty-tag-163"
      id="empty-tag-4ebf726"
      style="height: 40px;"
    />
    <div
      class="tag"
      data-testid="empty-tag-164"
      id="empty-tag-9857380"
      style="height: 40px;"
    />
    <div
      class="tag"
      data-testid="empty-tag-165"
      id="empty-tag-acd7649"
      style="height: 40px;"
    />
    <div
      class="tag"
      data-testid="empty-tag-166"
      id="empty-tag-7723e57"
      style="height: 40px;"
    />
    <div
      class="tag"
      data-testid="empty-tag-167"
      id="empty-tag-ff5f173"
      style="height: 40px;"
    />
    <div
      class="tag"
      data-testid="empty-tag-168"
      id="empty-tag-b754d54"
      style="height: 40px;"
    />
    <div
      class="tag"
      data-testid="empty-tag-169"
      id="empty-tag-ea79846"
      style="height: 40px;"
    />
    <div
      class="tag"
      data-testid="empty-tag-170"
      id="empty-tag-478a361"
      style="height: 40px;"
    />
    <div
      class="tag"
      data-testid="empty-tag-171"
      id="empty-tag-9d21764"
      style="height: 40px;"
    />
    <div
      class="tag"
      data-testid="empty-tag-172"
      id="empty-tag-be596e4"
      style="height: 40px;"
    />
    <div
      class="tag"
      data-testid="empty-tag-173"
      id="empty-tag-dc8936d"
      style="height: 40px;"
    />
    <div
      class="tag"
      data-testid="empty-tag-174"
      id="empty-tag-6ef3091"
      style="height: 40px;"
    />
    <div
      class="tag"
      data-testid="empty-tag-175"
      id="empty-tag-f60cdc8"
      style="height: 40px;"
    />
    <div
      class="tag"
      data-testid="empty-tag-176"
      id="empty-tag-05bec69"
      style="height: 40px;"
    />
    <button
      class="tagContainer"
      data-testid="tag-177"
      id="tag-177"
      style="height: 40px;"
    >
      <span
        class="tag"
        data-testid="tag-label-177"
        id="tag-label-177"
        style="color: rgb(0, 0, 0); border: 2px solid rgb(0, 255, 128); background: rgb(179, 255, 217);"
      >
        <a
          class="link tagName"
          href="https://github.com/TomPlum/tree/refs/tags/v2.1.0"
          rel="noopener noreferrer"
          style="color: rgb(0, 0, 0);"
          target="_blank"
        >
          v2.1.0
        </a>
        <svg
          class="icon"
          data-testid="tag-icon"
          fill="none"
          id="tag-icon"
          stroke="currentColor"
          stroke-linecap="round"
          stroke-linejoin="round"
          stroke-width="2"
          style="stroke: rgb(0, 0, 0);"
          viewBox="0 0 24 24"
          xmlns="http://www.w3.org/2000/svg"
        >
          <path
            d="M20.59 13.41l-7.17 7.17a2 2 0 0 1-2.83 0L2 12V2h10l8.59 8.59a2 2 0 0 1 0 2.82z"
          />
          <line
            x1="7"
            x2="7.01"
            y1="7"
            y2="7"
          />
        </svg>
      </span>
      <span
        class="tagLine"
        data-testid="tag-line-177"
        id="tag-line-177"
        style="opacity: 0.4; right: 0px; width: 0px; border-top: 2px dotted rgb(0, 255, 128); animation-duration: 0.3s;"
      />
    </button>
    <div
      class="tag"
      data-testid="empty-tag-178"
      id="empty-tag-b1c9c9b"
      style="height: 40px;"
    />
    <div
      class="tag"
      data-testid="empty-tag-179"
      id="empty-tag-db3c4f9"
      style="height: 40px;"
    />
    <div
      class="tag"
      data-testid="empty-tag-180"
      id="empty-tag-b4e9d3b"
      style="height: 40px;"
    />
    <div
      class="tag"
      data-testid="empty-tag-181"
      id="empty-tag-5b96a51"
      style="height: 40px;"
    />
    <div
      class="tag"
      data-testid="empty-tag-182"
      id="empty-tag-d89c2c1"
      style="height: 40px;"
    />
    <div
      class="tag"
      data-testid="empty-tag-183"
      id="empty-tag-ced9837"
      style="height: 40px;"
    />
    <div
      class="tag"
      data-testid="empty-tag-184"
      id="empty-tag-9b4a1b5"
      style="height: 40px;"
    />
    <div
      class="tag"
      data-testid="empty-tag-185"
      id="empty-tag-1d21e76"
      style="height: 40px;"
    />
    <div
      class="tag"
      data-testid="empty-tag-186"
      id="empty-tag-76eb4f3"
      style="height: 40px;"
    />
    <div
      class="tag"
      data-testid="empty-tag-187"
      id="empty-tag-db3687b"
      style="height: 40px;"
    />
    <div
      class="tag"
      data-testid="empty-tag-188"
      id="empty-tag-a18a5c4"
      style="height: 40px;"
    />
    <div
      class="tag"
      data-testid="empty-tag-189"
      id="empty-tag-f396ce1"
      style="height: 40px;"
    />
    <div
      class="tag"
      data-testid="empty-tag-190"
      id="empty-tag-de17621"
      style="height: 40px;"
    />
    <div
      class="tag"
      data-testid="empty-tag-191"
      id="empty-tag-5752a89"
      style="height: 40px;"
    />
    <div
      class="tag"
      data-testid="empty-tag-192"
      id="empty-tag-b0f2ce3"
      style="height: 40px;"
    />
    <div
      class="tag"
      data-testid="empty-tag-193"
      id="empty-tag-dad2e46"
      style="height: 40px;"
    />
    <div
      class="tag"
      data-testid="empty-tag-194"
      id="empty-tag-3c495cc"
      style="height: 40px;"
    />
    <div
      class="tag"
      data-testid="empty-tag-195"
      id="empty-tag-7d91ff0"
      style="height: 40px;"
    />
    <div
      class="tag"
      data-testid="empty-tag-196"
      id="empty-tag-4be777a"
      style="height: 40px;"
    />
    <div
      class="tag"
      data-testid="empty-tag-197"
      id="empty-tag-0cf76da"
      style="height: 40px;"
    />
    <div
      class="tag"
      data-testid="empty-tag-198"
      id="empty-tag-0c28eb6"
      style="height: 40px;"
    />
    <div
      class="tag"
      data-testid="empty-tag-199"
      id="empty-tag-8eda2d7"
      style="height: 40px;"
    />
    <div
      class="tag"
      data-testid="empty-tag-200"
      id="empty-tag-954670c"
      style="height: 40px;"
    />
    <div
      class="tag"
      data-testid="empty-tag-201"
      id="empty-tag-419257d"
      style="height: 40px;"
    />
    <div
      class="tag"
      data-testid="empty-tag-202"
      id="empty-tag-52dfc3f"
      style="height: 40px;"
    />
    <div
      class="tag"
      data-testid="empty-tag-203"
      id="empty-tag-e7a2380"
      style="height: 40px;"
    />
    <div
      class="tag"
      data-testid="empty-tag-204"
      id="empty-tag-d31697d"
      style="height: 40px;"
    />
    <div
      class="tag"
      data-testid="empty-tag-205"
      id="empty-tag-8a68890"
      style="height: 40px;"
    />
    <div
      class="tag"
      data-testid="empty-tag-206"
      id="empty-tag-df5f451"
      style="height: 40px;"
    />
    <div
      class="tag"
      data-testid="empty-tag-207"
      id="empty-tag-7308bc3"
      style="height: 40px;"
    />
    <div
      class="tag"
      data-testid="empty-tag-208"
      id="empty-tag-64ae166"
      style="height: 40px;"
    />
    <div
      class="tag"
      data-testid="empty-tag-209"
      id="empty-tag-310412c"
      style="height: 40px;"
    />
    <div
      class="tag"
      data-testid="empty-tag-210"
      id="empty-tag-0f637b2"
      style="height: 40px;"
    />
    <div
      class="tag"
      data-testid="empty-tag-211"
      id="empty-tag-6aa8dab"
      style="height: 40px;"
    />
    <button
      class="tagContainer"
      data-testid="tag-212"
      id="tag-212"
      style="height: 40px;"
    >
      <span
        class="tag"
        data-testid="tag-label-212"
        id="tag-label-212"
        style="color: rgb(0, 0, 0); border: 2px solid rgb(0, 255, 128); background: rgb(179, 255, 217);"
      >
        <a
          class="link tagName"
          href="https://github.com/TomPlum/tree/refs/tags/v2.0.0"
          rel="noopener noreferrer"
          style="color: rgb(0, 0, 0);"
          target="_blank"
        >
          v2.0.0
        </a>
        <svg
          class="icon"
          data-testid="tag-icon"
          fill="none"
          id="tag-icon"
          stroke="currentColor"
          stroke-linecap="round"
          stroke-linejoin="round"
          stroke-width="2"
          style="stroke: rgb(0, 0, 0);"
          viewBox="0 0 24 24"
          xmlns="http://www.w3.org/2000/svg"
        >
          <path
            d="M20.59 13.41l-7.17 7.17a2 2 0 0 1-2.83 0L2 12V2h10l8.59 8.59a2 2 0 0 1 0 2.82z"
          />
          <line
            x1="7"
            x2="7.01"
            y1="7"
            y2="7"
          />
        </svg>
      </span>
      <span
        class="tagLine"
        data-testid="tag-line-212"
        id="tag-line-212"
        style="opacity: 0.4; right: 0px; width: 0px; border-top: 2px dotted rgb(0, 255, 128); animation-duration: 0.3s;"
      />
    </button>
    <div
      class="tag"
      data-testid="empty-tag-213"
      id="empty-tag-0237445"
      style="height: 40px;"
    />
    <div
      class="tag"
      data-testid="empty-tag-214"
      id="empty-tag-33e8dd5"
      style="height: 40px;"
    />
    <div
      class="tag"
      data-testid="empty-tag-215"
      id="empty-tag-072d7d6"
      style="height: 40px;"
    />
    <div
      class="tag"
      data-testid="empty-tag-216"
      id="empty-tag-947600b"
      style="height: 40px;"
    />
    <div
      class="tag"
      data-testid="empty-tag-217"
      id="empty-tag-5861283"
      style="height: 40px;"
    />
    <div
      class="tag"
      data-testid="empty-tag-218"
      id="empty-tag-e778c0d"
      style="height: 40px;"
    />
    <div
      class="tag"
      data-testid="empty-tag-219"
      id="empty-tag-6c21df1"
      style="height: 40px;"
    />
    <div
      class="tag"
      data-testid="empty-tag-220"
      id="empty-tag-5beb80b"
      style="height: 40px;"
    />
    <div
      class="tag"
      data-testid="empty-tag-221"
      id="empty-tag-e82dd75"
      style="height: 40px;"
    />
    <div
      class="tag"
      data-testid="empty-tag-222"
      id="empty-tag-f6e0c4e"
      style="height: 40px;"
    />
    <div
      class="tag"
      data-testid="empty-tag-223"
      id="empty-tag-a09f9ad"
      style="height: 40px;"
    />
    <div
      class="tag"
      data-testid="empty-tag-224"
      id="empty-tag-ac05a9f"
      style="height: 40px;"
    />
    <div
      class="tag"
      data-testid="empty-tag-225"
      id="empty-tag-74f829c"
      style="height: 40px;"
    />
    <div
      class="tag"
      data-testid="empty-tag-226"
      id="empty-tag-ddd3298"
      style="height: 40px;"
    />
    <div
      class="tag"
      data-testid="empty-tag-227"
      id="empty-tag-ca95d1b"
      style="height: 40px;"
    />
    <div
      class="tag"
      data-testid="empty-tag-228"
      id="empty-tag-87c3e4b"
      style="height: 40px;"
    />
    <div
      class="tag"
      data-testid="empty-tag-229"
      id="empty-tag-43767e6"
      style="height: 40px;"
    />
    <div
      class="tag"
      data-testid="empty-tag-230"
      id="empty-tag-eb5e0ad"
      style="height: 40px;"
    />
    <div
      class="tag"
      data-testid="empty-tag-231"
      id="empty-tag-dc56de6"
      style="height: 40px;"
    />
    <div
      class="tag"
      data-testid="empty-tag-232"
      id="empty-tag-a9d6cf6"
      style="height: 40px;"
    />
    <div
      class="tag"
      data-testid="empty-tag-233"
      id="empty-tag-9cdfa40"
      style="height: 40px;"
    />
    <div
      class="tag"
      data-testid="empty-tag-234"
      id="empty-tag-724f9ef"
      style="height: 40px;"
    />
    <div
      class="tag"
      data-testid="empty-tag-235"
      id="empty-tag-8472bb5"
      style="height: 40px;"
    />
    <div
      class="tag"
      data-testid="empty-tag-236"
      id="empty-tag-1482fb7"
      style="height: 40px;"
    />
    <div
      class="tag"
      data-testid="empty-tag-237"
      id="empty-tag-7271948"
      style="height: 40px;"
    />
    <div
      class="tag"
      data-testid="empty-tag-238"
      id="empty-tag-d52b826"
      style="height: 40px;"
    />
    <div
      class="tag"
      data-testid="empty-tag-239"
      id="empty-tag-744a388"
      style="height: 40px;"
    />
    <div
      class="tag"
      data-testid="empty-tag-240"
      id="empty-tag-4c98b03"
      style="height: 40px;"
    />
    <div
      class="tag"
      data-testid="empty-tag-241"
      id="empty-tag-9b96063"
      style="height: 40px;"
    />
    <div
      class="tag"
      data-testid="empty-tag-242"
      id="empty-tag-c675f33"
      style="height: 40px;"
    />
    <div
      class="tag"
      data-testid="empty-tag-243"
      id="empty-tag-ebec2f8"
      style="height: 40px;"
    />
    <div
      class="tag"
      data-testid="empty-tag-244"
      id="empty-tag-b3a7721"
      style="height: 40px;"
    />
    <div
      class="tag"
      data-testid="empty-tag-245"
      id="empty-tag-328c273"
      style="height: 40px;"
    />
    <div
      class="tag"
      data-testid="empty-tag-246"
      id="empty-tag-f6a4794"
      style="height: 40px;"
    />
    <div
      class="tag"
      data-testid="empty-tag-247"
      id="empty-tag-2c6a2a7"
      style="height: 40px;"
    />
    <div
      class="tag"
      data-testid="empty-tag-248"
      id="empty-tag-0261ff8"
      style="height: 40px;"
    />
    <div
      class="tag"
      data-testid="empty-tag-249"
      id="empty-tag-0d66a55"
      style="height: 40px;"
    />
    <div
      class="tag"
      data-testid="empty-tag-250"
      id="empty-tag-1bb1a3f"
      style="height: 40px;"
    />
    <div
      class="tag"
      data-testid="empty-tag-251"
      id="empty-tag-181a606"
      style="height: 40px;"
    />
    <div
      class="tag"
      data-testid="empty-tag-252"
      id="empty-tag-34e6895"
      style="height: 40px;"
    />
    <div
      class="tag"
      data-testid="empty-tag-253"
      id="empty-tag-05b851a"
      style="height: 40px;"
    />
    <div
      class="tag"
      data-testid="empty-tag-254"
      id="empty-tag-053033d"
      style="height: 40px;"
    />
    <div
      class="tag"
      data-testid="empty-tag-255"
      id="empty-tag-94c5cdb"
      style="height: 40px;"
    />
    <div
      class="tag"
      data-testid="empty-tag-256"
      id="empty-tag-f05bba9"
      style="height: 40px;"
    />
    <div
      class="tag"
      data-testid="empty-tag-257"
      id="empty-tag-00d2522"
      style="height: 40px;"
    />
    <div
      class="tag"
      data-testid="empty-tag-258"
      id="empty-tag-be23a35"
      style="height: 40px;"
    />
    <div
      class="tag"
      data-testid="empty-tag-259"
      id="empty-tag-e55624f"
      style="height: 40px;"
    />
    <div
      class="tag"
      data-testid="empty-tag-260"
      id="empty-tag-300166e"
      style="height: 40px;"
    />
    <div
      class="tag"
      data-testid="empty-tag-261"
      id="empty-tag-ebc5a24"
      style="height: 40px;"
    />
    <div
      class="tag"
      data-testid="empty-tag-262"
      id="empty-tag-4a265bf"
      style="height: 40px;"
    />
    <div
      class="tag"
      data-testid="empty-tag-263"
      id="empty-tag-77aec21"
      style="height: 40px;"
    />
    <div
      class="tag"
      data-testid="empty-tag-264"
      id="empty-tag-f3ad7d7"
      style="height: 40px;"
    />
    <div
      class="tag"
      data-testid="empty-tag-265"
      id="empty-tag-52e1dd5"
      style="height: 40px;"
    />
    <div
      class="tag"
      data-testid="empty-tag-266"
      id="empty-tag-8ab78a0"
      style="height: 40px;"
    />
    <div
      class="tag"
      data-testid="empty-tag-267"
      id="empty-tag-8af99c6"
      style="height: 40px;"
    />
    <div
      class="tag"
      data-testid="empty-tag-268"
      id="empty-tag-9bc2a52"
      style="height: 40px;"
    />
    <div
      class="tag"
      data-testid="empty-tag-269"
      id="empty-tag-d5271f3"
      style="height: 40px;"
    />
    <div
      class="tag"
      data-testid="empty-tag-270"
      id="empty-tag-eda7bbf"
      style="height: 40px;"
    />
    <div
      class="tag"
      data-testid="empty-tag-271"
      id="empty-tag-0dfc9ec"
      style="height: 40px;"
    />
    <div
      class="tag"
      data-testid="empty-tag-272"
      id="empty-tag-8580cc5"
      style="height: 40px;"
    />
    <div
      class="tag"
      data-testid="empty-tag-273"
      id="empty-tag-73fbcc4"
      style="height: 40px;"
    />
    <div
      class="tag"
      data-testid="empty-tag-274"
      id="empty-tag-dab5c7b"
      style="height: 40px;"
    />
    <div
      class="tag"
      data-testid="empty-tag-275"
      id="empty-tag-bee4e29"
      style="height: 40px;"
    />
    <div
      class="tag"
      data-testid="empty-tag-276"
      id="empty-tag-d05120c"
      style="height: 40px;"
    />
    <div
      class="tag"
      data-testid="empty-tag-277"
      id="empty-tag-70e8695"
      style="height: 40px;"
    />
    <div
      class="tag"
      data-testid="empty-tag-278"
      id="empty-tag-0eeea35"
      style="height: 40px;"
    />
    <div
      class="tag"
      data-testid="empty-tag-279"
      id="empty-tag-e0fa20a"
      style="height: 40px;"
    />
    <div
      class="tag"
      data-testid="empty-tag-280"
      id="empty-tag-6178286"
      style="height: 40px;"
    />
    <div
      class="tag"
      data-testid="empty-tag-281"
      id="empty-tag-3496d41"
      style="height: 40px;"
    />
    <div
      class="tag"
      data-testid="empty-tag-282"
      id="empty-tag-70437fd"
      style="height: 40px;"
    />
    <div
      class="tag"
      data-testid="empty-tag-283"
      id="empty-tag-2888162"
      style="height: 40px;"
    />
    <div
      class="tag"
      data-testid="empty-tag-284"
      id="empty-tag-42f2132"
      style="height: 40px;"
    />
    <div
      class="tag"
      data-testid="empty-tag-285"
      id="empty-tag-bf551c0"
      style="height: 40px;"
    />
    <div
      class="tag"
      data-testid="empty-tag-286"
      id="empty-tag-29a7212"
      style="height: 40px;"
    />
    <div
      class="tag"
      data-testid="empty-tag-287"
      id="empty-tag-4c801b6"
      style="height: 40px;"
    />
    <div
      class="tag"
      data-testid="empty-tag-288"
      id="empty-tag-ffb0337"
      style="height: 40px;"
    />
    <div
      class="tag"
      data-testid="empty-tag-289"
      id="empty-tag-5e7b005"
      style="height: 40px;"
    />
    <div
      class="tag"
      data-testid="empty-tag-290"
      id="empty-tag-7215477"
      style="height: 40px;"
    />
    <div
      class="tag"
      data-testid="empty-tag-291"
      id="empty-tag-821fe5a"
      style="height: 40px;"
    />
    <div
      class="tag"
      data-testid="empty-tag-292"
      id="empty-tag-5036be1"
      style="height: 40px;"
    />
    <div
      class="tag"
      data-testid="empty-tag-293"
      id="empty-tag-732b304"
      style="height: 40px;"
    />
    <div
      class="tag"
      data-testid="empty-tag-294"
      id="empty-tag-b2bf478"
      style="height: 40px;"
    />
    <div
      class="tag"
      data-testid="empty-tag-295"
      id="empty-tag-b9196fc"
      style="height: 40px;"
    />
    <button
      class="tagContainer"
      data-testid="tag-296"
      id="tag-296"
      style="height: 40px;"
    >
      <span
        class="tag"
        data-testid="tag-label-296"
        id="tag-label-296"
        style="color: rgb(0, 0, 0); border: 2px solid rgb(0, 255, 128); background: rgb(179, 255, 217);"
      >
        <a
          class="link tagName"
          href="https://github.com/TomPlum/tree/refs/tags/v1.2.1"
          rel="noopener noreferrer"
          style="color: rgb(0, 0, 0);"
          target="_blank"
        >
          v1.2.1
        </a>
        <svg
          class="icon"
          data-testid="tag-icon"
          fill="none"
          id="tag-icon"
          stroke="currentColor"
          stroke-linecap="round"
          stroke-linejoin="round"
          stroke-width="2"
          style="stroke: rgb(0, 0, 0);"
          viewBox="0 0 24 24"
          xmlns="http://www.w3.org/2000/svg"
        >
          <path
            d="M20.59 13.41l-7.17 7.17a2 2 0 0 1-2.83 0L2 12V2h10l8.59 8.59a2 2 0 0 1 0 2.82z"
          />
          <line
            x1="7"
            x2="7.01"
            y1="7"
            y2="7"
          />
        </svg>
      </span>
      <span
        class="tagLine"
        data-testid="tag-line-296"
        id="tag-line-296"
        style="opacity: 0.4; right: 0px; width: 0px; border-top: 2px dotted rgb(0, 255, 128); animation-duration: 0.3s;"
      />
    </button>
    <div
      class="tag"
      data-testid="empty-tag-297"
      id="empty-tag-4410cd7"
      style="height: 40px;"
    />
    <div
      class="tag"
      data-testid="empty-tag-298"
      id="empty-tag-ff20995"
      style="height: 40px;"
    />
    <div
      class="tag"
      data-testid="empty-tag-299"
      id="empty-tag-e8c2bfb"
      style="height: 40px;"
    />
    <div
      class="tag"
      data-testid="empty-tag-300"
      id="empty-tag-4d7a7e9"
      style="height: 40px;"
    />
    <div
      class="tag"
      data-testid="empty-tag-301"
      id="empty-tag-69eaadc"
      style="height: 40px;"
    />
    <div
      class="tag"
      data-testid="empty-tag-302"
      id="empty-tag-c31f162"
      style="height: 40px;"
    />
    <div
      class="tag"
      data-testid="empty-tag-303"
      id="empty-tag-98ff75e"
      style="height: 40px;"
    />
    <div
      class="tag"
      data-testid="empty-tag-304"
      id="empty-tag-7e8868b"
      style="height: 40px;"
    />
    <div
      class="tag"
      data-testid="empty-tag-305"
      id="empty-tag-0994f81"
      style="height: 40px;"
    />
    <div
      class="tag"
      data-testid="empty-tag-306"
      id="empty-tag-51f121d"
      style="height: 40px;"
    />
    <div
      class="tag"
      data-testid="empty-tag-307"
      id="empty-tag-529c117"
      style="height: 40px;"
    />
    <div
      class="tag"
      data-testid="empty-tag-308"
      id="empty-tag-5765026"
      style="height: 40px;"
    />
    <div
      class="tag"
      data-testid="empty-tag-309"
      id="empty-tag-21678c9"
      style="height: 40px;"
    />
    <div
      class="tag"
      data-testid="empty-tag-310"
      id="empty-tag-e6ea316"
      style="height: 40px;"
    />
    <div
      class="tag"
      data-testid="empty-tag-311"
      id="empty-tag-f7116d9"
      style="height: 40px;"
    />
    <div
      class="tag"
      data-testid="empty-tag-312"
      id="empty-tag-87efebe"
      style="height: 40px;"
    />
    <div
      class="tag"
      data-testid="empty-tag-313"
      id="empty-tag-d638b1e"
      style="height: 40px;"
    />
    <div
      class="tag"
      data-testid="empty-tag-314"
      id="empty-tag-928a7f4"
      style="height: 40px;"
    />
    <div
      class="tag"
      data-testid="empty-tag-315"
      id="empty-tag-d401424"
      style="height: 40px;"
    />
    <div
      class="tag"
      data-testid="empty-tag-316"
      id="empty-tag-bdaa4e4"
      style="height: 40px;"
    />
    <button
      class="tagContainer"
      data-testid="tag-317"
      id="tag-317"
      style="height: 40px;"
    >
      <span
        class="tag"
        data-testid="tag-label-317"
        id="tag-label-317"
        style="color: rgb(0, 0, 0); border: 2px solid rgb(0, 255, 128); background: rgb(179, 255, 217);"
      >
        <a
          class="link tagName"
          href="https://github.com/TomPlum/tree/refs/tags/v1.2.0"
          rel="noopener noreferrer"
          style="color: rgb(0, 0, 0);"
          target="_blank"
        >
          v1.2.0
        </a>
        <svg
          class="icon"
          data-testid="tag-icon"
          fill="none"
          id="tag-icon"
          stroke="currentColor"
          stroke-linecap="round"
          stroke-linejoin="round"
          stroke-width="2"
          style="stroke: rgb(0, 0, 0);"
          viewBox="0 0 24 24"
          xmlns="http://www.w3.org/2000/svg"
        >
          <path
            d="M20.59 13.41l-7.17 7.17a2 2 0 0 1-2.83 0L2 12V2h10l8.59 8.59a2 2 0 0 1 0 2.82z"
          />
          <line
            x1="7"
            x2="7.01"
            y1="7"
            y2="7"
          />
        </svg>
      </span>
      <span
        class="tagLine"
        data-testid="tag-line-317"
        id="tag-line-317"
        style="opacity: 0.4; right: 0px; width: 0px; border-top: 2px dotted rgb(0, 255, 128); animation-duration: 0.3s;"
      />
    </button>
    <div
      class="tag"
      data-testid="empty-tag-318"
      id="empty-tag-2f85544"
      style="height: 40px;"
    />
    <div
      class="tag"
      data-testid="empty-tag-319"
      id="empty-tag-2c5082d"
      style="height: 40px;"
    />
    <div
      class="tag"
      data-testid="empty-tag-320"
      id="empty-tag-9676781"
      style="height: 40px;"
    />
    <div
      class="tag"
      data-testid="empty-tag-321"
      id="empty-tag-317a526"
      style="height: 40px;"
    />
    <div
      class="tag"
      data-testid="empty-tag-322"
      id="empty-tag-66ac076"
      style="height: 40px;"
    />
    <div
      class="tag"
      data-testid="empty-tag-323"
      id="empty-tag-415c1d1"
      style="height: 40px;"
    />
    <div
      class="tag"
      data-testid="empty-tag-324"
      id="empty-tag-c0dc79f"
      style="height: 40px;"
    />
    <div
      class="tag"
      data-testid="empty-tag-325"
      id="empty-tag-0b9fad5"
      style="height: 40px;"
    />
    <div
      class="tag"
      data-testid="empty-tag-326"
      id="empty-tag-70164f4"
      style="height: 40px;"
    />
    <div
      class="tag"
      data-testid="empty-tag-327"
      id="empty-tag-bb29e00"
      style="height: 40px;"
    />
    <div
      class="tag"
      data-testid="empty-tag-328"
      id="empty-tag-6487f34"
      style="height: 40px;"
    />
    <div
      class="tag"
      data-testid="empty-tag-329"
      id="empty-tag-18fdb81"
      style="height: 40px;"
    />
    <div
      class="tag"
      data-testid="empty-tag-330"
      id="empty-tag-e33383e"
      style="height: 40px;"
    />
    <div
      class="tag"
      data-testid="empty-tag-331"
      id="empty-tag-77adf46"
      style="height: 40px;"
    />
    <div
      class="tag"
      data-testid="empty-tag-332"
      id="empty-tag-1d30e95"
      style="height: 40px;"
    />
    <div
      class="tag"
      data-testid="empty-tag-333"
      id="empty-tag-d453692"
      style="height: 40px;"
    />
    <div
      class="tag"
      data-testid="empty-tag-334"
      id="empty-tag-7ef626b"
      style="height: 40px;"
    />
    <div
      class="tag"
      data-testid="empty-tag-335"
      id="empty-tag-b7851b4"
      style="height: 40px;"
    />
    <div
      class="tag"
      data-testid="empty-tag-336"
      id="empty-tag-569f1d0"
      style="height: 40px;"
    />
    <div
      class="tag"
      data-testid="empty-tag-337"
      id="empty-tag-72634f1"
      style="height: 40px;"
    />
    <div
      class="tag"
      data-testid="empty-tag-338"
      id="empty-tag-6b2dfb3"
      style="height: 40px;"
    />
    <div
      class="tag"
      data-testid="empty-tag-339"
      id="empty-tag-a6ba004"
      style="height: 40px;"
    />
    <div
      class="tag"
      data-testid="empty-tag-340"
      id="empty-tag-9de61dd"
      style="height: 40px;"
    />
    <div
      class="tag"
      data-testid="empty-tag-341"
      id="empty-tag-e9d14e5"
      style="height: 40px;"
    />
    <div
      class="tag"
      data-testid="empty-tag-342"
      id="empty-tag-6c77a6b"
      style="height: 40px;"
    />
    <button
      class="tagContainer"
      data-testid="tag-343"
      id="tag-343"
      style="height: 40px;"
    >
      <span
        class="tag"
        data-testid="tag-label-343"
        id="tag-label-343"
        style="color: rgb(0, 0, 0); border: 2px solid rgb(0, 255, 128); background: rgb(179, 255, 217);"
      >
        <a
          class="link tagName"
          href="https://github.com/TomPlum/tree/refs/tags/v1.1.0"
          rel="noopener noreferrer"
          style="color: rgb(0, 0, 0);"
          target="_blank"
        >
          v1.1.0
        </a>
        <svg
          class="icon"
          data-testid="tag-icon"
          fill="none"
          id="tag-icon"
          stroke="currentColor"
          stroke-linecap="round"
          stroke-linejoin="round"
          stroke-width="2"
          style="stroke: rgb(0, 0, 0);"
          viewBox="0 0 24 24"
          xmlns="http://www.w3.org/2000/svg"
        >
          <path
            d="M20.59 13.41l-7.17 7.17a2 2 0 0 1-2.83 0L2 12V2h10l8.59 8.59a2 2 0 0 1 0 2.82z"
          />
          <line
            x1="7"
            x2="7.01"
            y1="7"
            y2="7"
          />
        </svg>
      </span>
      <span
        class="tagLine"
        data-testid="tag-line-343"
        id="tag-line-343"
        style="opacity: 0.4; right: 0px; width: 0px; border-top: 2px dotted rgb(0, 255, 128); animation-duration: 0.3s;"
      />
    </button>
    <div
      class="tag"
      data-testid="empty-tag-344"
      id="empty-tag-61b38d9"
      style="height: 40px;"
    />
    <div
      class="tag"
      data-testid="empty-tag-345"
      id="empty-tag-a2db943"
      style="height: 40px;"
    />
    <div
      class="tag"
      data-testid="empty-tag-346"
      id="empty-tag-5a21429"
      style="height: 40px;"
    />
    <div
      class="tag"
      data-testid="empty-tag-347"
      id="empty-tag-a5425d1"
      style="height: 40px;"
    />
    <div
      class="tag"
      data-testid="empty-tag-348"
      id="empty-tag-2282d36"
      style="height: 40px;"
    />
    <div
      class="tag"
      data-testid="empty-tag-349"
      id="empty-tag-cba1df6"
      style="height: 40px;"
    />
    <div
      class="tag"
      data-testid="empty-tag-350"
      id="empty-tag-da988de"
      style="height: 40px;"
    />
    <div
      class="tag"
      data-testid="empty-tag-351"
      id="empty-tag-edafbbf"
      style="height: 40px;"
    />
    <div
      class="tag"
      data-testid="empty-tag-352"
      id="empty-tag-afd8749"
      style="height: 40px;"
    />
    <div
      class="tag"
      data-testid="empty-tag-353"
      id="empty-tag-cee6402"
      style="height: 40px;"
    />
    <div
      class="tag"
      data-testid="empty-tag-354"
      id="empty-tag-012ffe9"
      style="height: 40px;"
    />
    <div
      class="tag"
      data-testid="empty-tag-355"
      id="empty-tag-bff2088"
      style="height: 40px;"
    />
    <div
      class="tag"
      data-testid="empty-tag-356"
      id="empty-tag-21fecc1"
      style="height: 40px;"
    />
    <div
      class="tag"
      data-testid="empty-tag-357"
      id="empty-tag-ed89441"
      style="height: 40px;"
    />
    <div
      class="tag"
      data-testid="empty-tag-358"
      id="empty-tag-7d545a5"
      style="height: 40px;"
    />
    <div
      class="tag"
      data-testid="empty-tag-359"
      id="empty-tag-9136c6b"
      style="height: 40px;"
    />
    <div
      class="tag"
      data-testid="empty-tag-360"
      id="empty-tag-7fc3850"
      style="height: 40px;"
    />
    <div
      class="tag"
      data-testid="empty-tag-361"
      id="empty-tag-7c9d0e2"
      style="height: 40px;"
    />
    <div
      class="tag"
      data-testid="empty-tag-362"
      id="empty-tag-91ab124"
      style="height: 40px;"
    />
    <div
      class="tag"
      data-testid="empty-tag-363"
      id="empty-tag-1b5c868"
      style="height: 40px;"
    />
    <div
      class="tag"
      data-testid="empty-tag-364"
      id="empty-tag-3d3d5a2"
      style="height: 40px;"
    />
    <div
      class="tag"
      data-testid="empty-tag-365"
      id="empty-tag-b9e9eaf"
      style="height: 40px;"
    />
    <div
      class="tag"
      data-testid="empty-tag-366"
      id="empty-tag-1634ce3"
      style="height: 40px;"
    />
    <div
      class="tag"
      data-testid="empty-tag-367"
      id="empty-tag-fcc0e1c"
      style="height: 40px;"
    />
    <div
      class="tag"
      data-testid="empty-tag-368"
      id="empty-tag-ef2cfc2"
      style="height: 40px;"
    />
    <div
      class="tag"
      data-testid="empty-tag-369"
      id="empty-tag-76a2a2e"
      style="height: 40px;"
    />
    <div
      class="tag"
      data-testid="empty-tag-370"
      id="empty-tag-3f4402f"
      style="height: 40px;"
    />
    <div
      class="tag"
      data-testid="empty-tag-371"
      id="empty-tag-e27d91a"
      style="height: 40px;"
    />
    <div
      class="tag"
      data-testid="empty-tag-372"
      id="empty-tag-bff718f"
      style="height: 40px;"
    />
    <button
      class="tagContainer"
      data-testid="tag-373"
      id="tag-373"
      style="height: 40px;"
    >
      <span
        class="tag"
        data-testid="tag-label-373"
        id="tag-label-373"
        style="color: rgb(0, 0, 0); border: 2px solid rgb(0, 255, 128); background: rgb(179, 255, 217);"
      >
        <a
          class="link tagName"
          href="https://github.com/TomPlum/tree/refs/tags/v1.0.0"
          rel="noopener noreferrer"
          style="color: rgb(0, 0, 0);"
          target="_blank"
        >
          v1.0.0
        </a>
        <svg
          class="icon"
          data-testid="tag-icon"
          fill="none"
          id="tag-icon"
          stroke="currentColor"
          stroke-linecap="round"
          stroke-linejoin="round"
          stroke-width="2"
          style="stroke: rgb(0, 0, 0);"
          viewBox="0 0 24 24"
          xmlns="http://www.w3.org/2000/svg"
        >
          <path
            d="M20.59 13.41l-7.17 7.17a2 2 0 0 1-2.83 0L2 12V2h10l8.59 8.59a2 2 0 0 1 0 2.82z"
          />
          <line
            x1="7"
            x2="7.01"
            y1="7"
            y2="7"
          />
        </svg>
      </span>
      <span
        class="tagLine"
        data-testid="tag-line-373"
        id="tag-line-373"
        style="opacity: 0.4; right: 0px; width: 0px; border-top: 2px dotted rgb(0, 255, 128); animation-duration: 0.3s;"
      />
    </button>
    <div
      class="tag"
      data-testid="empty-tag-374"
      id="empty-tag-184b081"
      style="height: 40px;"
    />
    <div
      class="tag"
      data-testid="empty-tag-375"
      id="empty-tag-eda1f0d"
      style="height: 40px;"
    />
    <div
      class="tag"
      data-testid="empty-tag-376"
      id="empty-tag-b89ac17"
      style="height: 40px;"
    />
    <div
      class="tag"
      data-testid="empty-tag-377"
      id="empty-tag-15c8018"
      style="height: 40px;"
    />
    <div
      class="tag"
      data-testid="empty-tag-378"
      id="empty-tag-b4a80bb"
      style="height: 40px;"
    />
    <div
      class="tag"
      data-testid="empty-tag-379"
      id="empty-tag-e748aef"
      style="height: 40px;"
    />
    <div
      class="tag"
      data-testid="empty-tag-380"
      id="empty-tag-46cfb4d"
      style="height: 40px;"
    />
    <div
      class="tag"
      data-testid="empty-tag-381"
      id="empty-tag-aaa16bf"
      style="height: 40px;"
    />
    <div
      class="tag"
      data-testid="empty-tag-382"
      id="empty-tag-05b7c89"
      style="height: 40px;"
    />
    <div
      class="tag"
      data-testid="empty-tag-383"
      id="empty-tag-19e0968"
      style="height: 40px;"
    />
    <div
      class="tag"
      data-testid="empty-tag-384"
      id="empty-tag-245c95a"
      style="height: 40px;"
    />
    <div
      class="tag"
      data-testid="empty-tag-385"
      id="empty-tag-ddca752"
      style="height: 40px;"
    />
    <div
      class="tag"
      data-testid="empty-tag-386"
      id="empty-tag-f32e3d4"
      style="height: 40px;"
    />
    <div
      class="tag"
      data-testid="empty-tag-387"
      id="empty-tag-01068d1"
      style="height: 40px;"
    />
    <div
      class="tag"
      data-testid="empty-tag-388"
      id="empty-tag-c61415e"
      style="height: 40px;"
    />
    <div
      class="tag"
      data-testid="empty-tag-389"
      id="empty-tag-66a1d30"
      style="height: 40px;"
    />
    <div
      class="tag"
      data-testid="empty-tag-390"
      id="empty-tag-8f95b4a"
      style="height: 40px;"
    />
    <div
      class="tag"
      data-testid="empty-tag-391"
      id="empty-tag-5f4518b"
      style="height: 40px;"
    />
    <div
      class="tag"
      data-testid="empty-tag-392"
      id="empty-tag-76baba0"
      style="height: 40px;"
    />
    <div
      class="tag"
      data-testid="empty-tag-393"
      id="empty-tag-ae9b6bc"
      style="height: 40px;"
    />
    <div
      class="tag"
      data-testid="empty-tag-394"
      id="empty-tag-924c8f9"
      style="height: 40px;"
    />
    <div
      class="tag"
      data-testid="empty-tag-395"
      id="empty-tag-8abcdd6"
      style="height: 40px;"
    />
    <div
      class="tag"
      data-testid="empty-tag-396"
      id="empty-tag-d4d645a"
      style="height: 40px;"
    />
    <div
      class="tag"
      data-testid="empty-tag-397"
      id="empty-tag-7a78b8d"
      style="height: 40px;"
    />
    <div
      class="tag"
      data-testid="empty-tag-398"
      id="empty-tag-9f93e5f"
      style="height: 40px;"
    />
    <div
      class="tag"
      data-testid="empty-tag-399"
      id="empty-tag-34aa1bf"
      style="height: 40px;"
    />
    <div
      class="tag"
      data-testid="empty-tag-400"
      id="empty-tag-827a805"
      style="height: 40px;"
    />
    <div
      class="tag"
      data-testid="empty-tag-401"
      id="empty-tag-9950706"
      style="height: 40px;"
    />
    <div
      class="tag"
      data-testid="empty-tag-402"
      id="empty-tag-6a66ec6"
      style="height: 40px;"
    />
    <div
      class="tag"
      data-testid="empty-tag-403"
      id="empty-tag-5ef49a3"
      style="height: 40px;"
    />
    <div
      class="tag"
      data-testid="empty-tag-404"
      id="empty-tag-38ff1c2"
      style="height: 40px;"
    />
    <div
      class="tag"
      data-testid="empty-tag-405"
      id="empty-tag-46a65f9"
      style="height: 40px;"
    />
    <div
      class="tag"
      data-testid="empty-tag-406"
      id="empty-tag-3270ffd"
      style="height: 40px;"
    />
    <div
      class="tag"
      data-testid="empty-tag-407"
      id="empty-tag-fb7455a"
      style="height: 40px;"
    />
    <div
      class="tag"
      data-testid="empty-tag-408"
      id="empty-tag-1606c57"
      style="height: 40px;"
    />
    <div
      class="tag"
      data-testid="empty-tag-409"
      id="empty-tag-5408eb4"
      style="height: 40px;"
    />
    <div
      class="tag"
      data-testid="empty-tag-410"
      id="empty-tag-adaf340"
      style="height: 40px;"
    />
    <div
      class="tag"
      data-testid="empty-tag-411"
      id="empty-tag-95dcf41"
      style="height: 40px;"
    />
    <div
      class="tag"
      data-testid="empty-tag-412"
      id="empty-tag-28293da"
      style="height: 40px;"
    />
    <div
      class="tag"
      data-testid="empty-tag-413"
      id="empty-tag-c27bf01"
      style="height: 40px;"
    />
    <div
      class="tag"
      data-testid="empty-tag-414"
      id="empty-tag-eb84e73"
      style="height: 40px;"
    />
    <div
      class="tag"
      data-testid="empty-tag-415"
      id="empty-tag-1a19a6a"
      style="height: 40px;"
    />
    <div
      class="tag"
      data-testid="empty-tag-416"
      id="empty-tag-e28e441"
      style="height: 40px;"
    />
    <div
      class="tag"
      data-testid="empty-tag-417"
      id="empty-tag-7f58f11"
      style="height: 40px;"
    />
    <div
      class="tag"
      data-testid="empty-tag-418"
      id="empty-tag-b854f35"
      style="height: 40px;"
    />
    <div
      class="tag"
      data-testid="empty-tag-419"
      id="empty-tag-ddc31b5"
      style="height: 40px;"
    />
    <div
      class="tag"
      data-testid="empty-tag-420"
      id="empty-tag-7e82560"
      style="height: 40px;"
    />
    <div
      class="tag"
      data-testid="empty-tag-421"
      id="empty-tag-4bebfe5"
      style="height: 40px;"
    />
    <div
      class="tag"
      data-testid="empty-tag-422"
      id="empty-tag-7125412"
      style="height: 40px;"
    />
    <div
      class="tag"
      data-testid="empty-tag-423"
      id="empty-tag-55c405d"
      style="height: 40px;"
    />
    <div
      class="tag"
      data-testid="empty-tag-424"
      id="empty-tag-758174d"
      style="height: 40px;"
    />
    <div
      class="tag"
      data-testid="empty-tag-425"
      id="empty-tag-b081373"
      style="height: 40px;"
    />
    <div
      class="tag"
      data-testid="empty-tag-426"
      id="empty-tag-e50f872"
      style="height: 40px;"
    />
    <div
      class="tag"
      data-testid="empty-tag-427"
      id="empty-tag-5b5f0a9"
      style="height: 40px;"
    />
    <div
      class="tag"
      data-testid="empty-tag-428"
      id="empty-tag-9e6b6d9"
      style="height: 40px;"
    />
    <div
      class="tag"
      data-testid="empty-tag-429"
      id="empty-tag-e544bc3"
      style="height: 40px;"
    />
    <div
      class="tag"
      data-testid="empty-tag-430"
      id="empty-tag-7d32883"
      style="height: 40px;"
    />
    <div
      class="tag"
      data-testid="empty-tag-431"
      id="empty-tag-3cf1df4"
      style="height: 40px;"
    />
    <div
      class="tag"
      data-testid="empty-tag-432"
      id="empty-tag-d683d57"
      style="height: 40px;"
    />
    <div
      class="tag"
      data-testid="empty-tag-433"
      id="empty-tag-9744f6f"
      style="height: 40px;"
    />
    <div
      class="tag"
      data-testid="empty-tag-434"
      id="empty-tag-e74f89d"
      style="height: 40px;"
    />
    <div
      class="tag"
      data-testid="empty-tag-435"
      id="empty-tag-67d24a6"
      style="height: 40px;"
    />
    <div
      class="tag"
      data-testid="empty-tag-436"
      id="empty-tag-3a9d56e"
      style="height: 40px;"
    />
    <div
      class="tag"
      data-testid="empty-tag-437"
      id="empty-tag-bffed4c"
      style="height: 40px;"
    />
    <div
      class="tag"
      data-testid="empty-tag-438"
      id="empty-tag-17b8e10"
      style="height: 40px;"
    />
    <div
      class="tag"
      data-testid="empty-tag-439"
      id="empty-tag-fd2f791"
      style="height: 40px;"
    />
    <div
      class="tag"
      data-testid="empty-tag-440"
      id="empty-tag-a3aad32"
      style="height: 40px;"
    />
    <div
      class="tag"
      data-testid="empty-tag-441"
      id="empty-tag-b166be8"
      style="height: 40px;"
    />
    <div
      class="tag"
      data-testid="empty-tag-442"
      id="empty-tag-6376640"
      style="height: 40px;"
    />
    <div
      class="tag"
      data-testid="empty-tag-443"
      id="empty-tag-30d449b"
      style="height: 40px;"
    />
    <div
      class="tag"
      data-testid="empty-tag-444"
      id="empty-tag-949b36d"
      style="height: 40px;"
    />
    <div
      class="tag"
      data-testid="empty-tag-445"
      id="empty-tag-d399e92"
      style="height: 40px;"
    />
    <div
      class="tag"
      data-testid="empty-tag-446"
      id="empty-tag-96d0ac5"
      style="height: 40px;"
    />
    <div
      class="tag"
      data-testid="empty-tag-447"
      id="empty-tag-1e65c1d"
      style="height: 40px;"
    />
    <div
      class="tag"
      data-testid="empty-tag-448"
      id="empty-tag-30dcafd"
      style="height: 40px;"
    />
    <div
      class="tag"
      data-testid="empty-tag-449"
      id="empty-tag-72b1f86"
      style="height: 40px;"
    />
    <div
      class="tag"
      data-testid="empty-tag-450"
      id="empty-tag-2115a48"
      style="height: 40px;"
    />
    <div
      class="tag"
      data-testid="empty-tag-451"
      id="empty-tag-0bf74b1"
      style="height: 40px;"
    />
    <div
      class="tag"
      data-testid="empty-tag-452"
      id="empty-tag-5a6b882"
      style="height: 40px;"
    />
    <div
      class="tag"
      data-testid="empty-tag-453"
      id="empty-tag-9cfcece"
      style="height: 40px;"
    />
    <div
      class="tag"
      data-testid="empty-tag-454"
      id="empty-tag-603fbbc"
      style="height: 40px;"
    />
    <div
      class="tag"
      data-testid="empty-tag-455"
      id="empty-tag-f892161"
      style="height: 40px;"
    />
    <div
      class="tag"
      data-testid="empty-tag-456"
      id="empty-tag-9df8d6c"
      style="height: 40px;"
    />
    <div
      class="tag"
      data-testid="empty-tag-457"
      id="empty-tag-bb8d532"
      style="height: 40px;"
    />
    <div
      class="tag"
      data-testid="empty-tag-458"
      id="empty-tag-7955da7"
      style="height: 40px;"
    />
    <div
      class="tag"
      data-testid="empty-tag-459"
      id="empty-tag-5109e9d"
      style="height: 40px;"
    />
    <div
      class="tag"
      data-testid="empty-tag-460"
      id="empty-tag-d160456"
      style="height: 40px;"
    />
    <div
      class="tag"
      data-testid="empty-tag-461"
      id="empty-tag-a09ca48"
      style="height: 40px;"
    />
    <div
      class="tag"
      data-testid="empty-tag-462"
      id="empty-tag-c2ed208"
      style="height: 40px;"
    />
    <div
      class="tag"
      data-testid="empty-tag-463"
      id="empty-tag-4522569"
      style="height: 40px;"
    />
    <div
      class="tag"
      data-testid="empty-tag-464"
      id="empty-tag-eb371fa"
      style="height: 40px;"
    />
    <div
      class="tag"
      data-testid="empty-tag-465"
      id="empty-tag-6530e27"
      style="height: 40px;"
    />
    <div
      class="tag"
      data-testid="empty-tag-466"
      id="empty-tag-d94993e"
      style="height: 40px;"
    />
    <div
      class="tag"
      data-testid="empty-tag-467"
      id="empty-tag-72de5c9"
      style="height: 40px;"
    />
    <div
      class="tag"
      data-testid="empty-tag-468"
      id="empty-tag-7e68687"
      style="height: 40px;"
    />
    <div
      class="tag"
      data-testid="empty-tag-469"
      id="empty-tag-ab657c9"
      style="height: 40px;"
    />
    <div
      class="tag"
      data-testid="empty-tag-470"
      id="empty-tag-b3e99e8"
      style="height: 40px;"
    />
    <div
      class="tag"
      data-testid="empty-tag-471"
      id="empty-tag-1e5c110"
      style="height: 40px;"
    />
    <div
      class="tag"
      data-testid="empty-tag-472"
      id="empty-tag-05d1859"
      style="height: 40px;"
    />
  </div>
</DocumentFragment>
`;
